<?xml version="1.0" encoding="UTF-8"?>
<testng-results ignored="0" total="12" passed="12" failed="0" skipped="0">
  <reporter-output>
  </reporter-output>
  <suite started-at="2023-12-01T23:11:02 IST" name="Gradle suite" finished-at="2023-12-01T23:16:25 IST" duration-ms="323718">
    <groups>
      <group name="Booking and Cancellation Flow">
        <method signature="testCase_03.TestCase03(java.lang.String,java.lang.String,java.lang.String,java.lang.String,java.lang.String,java.lang.String,java.lang.String,java.lang.reflect.Method)[pri:3, instance:qtriptest.tests.testCase_03@194bcebf]" name="TestCase03" class="qtriptest.tests.testCase_03"/>
      </group> <!-- Booking and Cancellation Flow -->
      <group name="Reliability Flow">
        <method signature="testCase_04.TestCase04(java.lang.String,java.lang.String,java.lang.String,java.lang.String,java.lang.String,java.lang.reflect.Method)[pri:4, instance:qtriptest.tests.testCase_04@17497425]" name="TestCase04" class="qtriptest.tests.testCase_04"/>
      </group> <!-- Reliability Flow -->
      <group name="Search and Filter flow">
        <method signature="testCase_02.TestCase02(java.lang.String,java.lang.String,java.lang.String,java.lang.String,java.lang.String,java.lang.reflect.Method)[pri:2, instance:qtriptest.tests.testCase_02@3c7f66c4]" name="TestCase02" class="qtriptest.tests.testCase_02"/>
      </group> <!-- Search and Filter flow -->
      <group name="Login Flow">
        <method signature="testCase_01.TestCase01(java.lang.String,java.lang.String,java.lang.reflect.Method)[pri:1, instance:qtriptest.tests.testCase_01@57cf54e1]" name="TestCase01" class="qtriptest.tests.testCase_01"/>
      </group> <!-- Login Flow -->
    </groups>
    <test started-at="2023-12-01T23:11:02 IST" name="Gradle test" finished-at="2023-12-01T23:16:25 IST" duration-ms="323718">
      <class name="qtriptest.tests.testCase_01">
        <test-method is-config="true" signature="setupTest(java.lang.reflect.Method)[pri:0, instance:qtriptest.tests.testCase_01@57cf54e1]" started-at="2023-12-01T23:11:03 IST" name="setupTest" finished-at="2023-12-01T23:11:06 IST" duration-ms="2427" status="PASS">
          <params>
            <param index="0">
              <value>
                <![CDATA[public void qtriptest.tests.testCase_01.TestCase01(java.lang.String,java.lang.String,java.lang.reflect.Method) throws java.lang.InterruptedException]]>
              </value>
            </param>
          </params>
          <reporter-output>
          </reporter-output>
        </test-method> <!-- setupTest -->
        <test-method signature="TestCase01(java.lang.String,java.lang.String,java.lang.reflect.Method)[pri:1, instance:qtriptest.tests.testCase_01@57cf54e1]" started-at="2023-12-01T23:11:06 IST" name="TestCase01" description="User Onboarding flow" data-provider="testData" finished-at="2023-12-01T23:11:14 IST" duration-ms="8738" status="PASS">
          <params>
            <param index="0">
              <value>
                <![CDATA[testuser@gmail.com]]>
              </value>
            </param>
            <param index="1">
              <value>
                <![CDATA[abc@123]]>
              </value>
            </param>
            <param index="2">
              <value>
                <![CDATA[public void qtriptest.tests.testCase_01.TestCase01(java.lang.String,java.lang.String,java.lang.reflect.Method) throws java.lang.InterruptedException]]>
              </value>
            </param>
          </params>
          <reporter-output>
          </reporter-output>
        </test-method> <!-- TestCase01 -->
        <test-method is-config="true" signature="tearDownTest()[pri:0, instance:qtriptest.tests.testCase_01@57cf54e1]" started-at="2023-12-01T23:11:14 IST" name="tearDownTest" finished-at="2023-12-01T23:11:15 IST" duration-ms="329" status="PASS">
          <reporter-output>
          </reporter-output>
        </test-method> <!-- tearDownTest -->
        <test-method is-config="true" signature="setupTest(java.lang.reflect.Method)[pri:0, instance:qtriptest.tests.testCase_01@57cf54e1]" started-at="2023-12-01T23:11:15 IST" name="setupTest" finished-at="2023-12-01T23:11:15 IST" duration-ms="25" status="PASS">
          <params>
            <param index="0">
              <value>
                <![CDATA[public void qtriptest.tests.testCase_01.TestCase01(java.lang.String,java.lang.String,java.lang.reflect.Method) throws java.lang.InterruptedException]]>
              </value>
            </param>
          </params>
          <reporter-output>
          </reporter-output>
        </test-method> <!-- setupTest -->
        <test-method signature="TestCase01(java.lang.String,java.lang.String,java.lang.reflect.Method)[pri:1, instance:qtriptest.tests.testCase_01@57cf54e1]" started-at="2023-12-01T23:11:15 IST" name="TestCase01" description="User Onboarding flow" data-provider="testData" finished-at="2023-12-01T23:11:23 IST" duration-ms="8054" status="PASS">
          <params>
            <param index="0">
              <value>
                <![CDATA[TESTUSER@gmail.com]]>
              </value>
            </param>
            <param index="1">
              <value>
                <![CDATA[123456]]>
              </value>
            </param>
            <param index="2">
              <value>
                <![CDATA[public void qtriptest.tests.testCase_01.TestCase01(java.lang.String,java.lang.String,java.lang.reflect.Method) throws java.lang.InterruptedException]]>
              </value>
            </param>
          </params>
          <reporter-output>
          </reporter-output>
        </test-method> <!-- TestCase01 -->
        <test-method is-config="true" signature="tearDownTest()[pri:0, instance:qtriptest.tests.testCase_01@57cf54e1]" started-at="2023-12-01T23:11:23 IST" name="tearDownTest" finished-at="2023-12-01T23:11:23 IST" duration-ms="90" status="PASS">
          <reporter-output>
          </reporter-output>
        </test-method> <!-- tearDownTest -->
        <test-method is-config="true" signature="setupTest(java.lang.reflect.Method)[pri:0, instance:qtriptest.tests.testCase_01@57cf54e1]" started-at="2023-12-01T23:11:23 IST" name="setupTest" finished-at="2023-12-01T23:11:23 IST" duration-ms="23" status="PASS">
          <params>
            <param index="0">
              <value>
                <![CDATA[public void qtriptest.tests.testCase_01.TestCase01(java.lang.String,java.lang.String,java.lang.reflect.Method) throws java.lang.InterruptedException]]>
              </value>
            </param>
          </params>
          <reporter-output>
          </reporter-output>
        </test-method> <!-- setupTest -->
        <test-method signature="TestCase01(java.lang.String,java.lang.String,java.lang.reflect.Method)[pri:1, instance:qtriptest.tests.testCase_01@57cf54e1]" started-at="2023-12-01T23:11:23 IST" name="TestCase01" description="User Onboarding flow" data-provider="testData" finished-at="2023-12-01T23:11:31 IST" duration-ms="8144" status="PASS">
          <params>
            <param index="0">
              <value>
                <![CDATA[123_USER_low@gmail.com]]>
              </value>
            </param>
            <param index="1">
              <value>
                <![CDATA[QWERTY!!!!]]>
              </value>
            </param>
            <param index="2">
              <value>
                <![CDATA[public void qtriptest.tests.testCase_01.TestCase01(java.lang.String,java.lang.String,java.lang.reflect.Method) throws java.lang.InterruptedException]]>
              </value>
            </param>
          </params>
          <reporter-output>
          </reporter-output>
        </test-method> <!-- TestCase01 -->
        <test-method is-config="true" signature="tearDownTest()[pri:0, instance:qtriptest.tests.testCase_01@57cf54e1]" started-at="2023-12-01T23:11:31 IST" name="tearDownTest" finished-at="2023-12-01T23:11:31 IST" duration-ms="86" status="PASS">
          <reporter-output>
          </reporter-output>
        </test-method> <!-- tearDownTest -->
        <test-method is-config="true" signature="tearDownDriver()[pri:0, instance:qtriptest.tests.testCase_01@57cf54e1]" started-at="2023-12-01T23:16:25 IST" name="tearDownDriver" finished-at="2023-12-01T23:16:25 IST" duration-ms="71" status="PASS">
          <reporter-output>
          </reporter-output>
        </test-method> <!-- tearDownDriver -->
      </class> <!-- qtriptest.tests.testCase_01 -->
      <class name="qtriptest.tests.testCase_04">
        <test-method is-config="true" signature="setupTest(java.lang.reflect.Method)[pri:0, instance:qtriptest.tests.testCase_04@17497425]" started-at="2023-12-01T23:13:39 IST" name="setupTest" finished-at="2023-12-01T23:13:39 IST" duration-ms="13" status="PASS">
          <params>
            <param index="0">
              <value>
                <![CDATA[public void qtriptest.tests.testCase_04.TestCase04(java.lang.String,java.lang.String,java.lang.String,java.lang.String,java.lang.String,java.lang.reflect.Method) throws java.lang.InterruptedException]]>
              </value>
            </param>
          </params>
          <reporter-output>
          </reporter-output>
        </test-method> <!-- setupTest -->
        <test-method signature="TestCase04(java.lang.String,java.lang.String,java.lang.String,java.lang.String,java.lang.String,java.lang.reflect.Method)[pri:4, instance:qtriptest.tests.testCase_04@17497425]" started-at="2023-12-01T23:13:39 IST" name="TestCase04" description="Verify that Booking history can be viewed" data-provider="testData4" finished-at="2023-12-01T23:14:38 IST" duration-ms="59715" status="PASS">
          <params>
            <param index="0">
              <value>
                <![CDATA[TC4_1@gmail.com]]>
              </value>
            </param>
            <param index="1">
              <value>
                <![CDATA[abc@123]]>
              </value>
            </param>
            <param index="2">
              <value>
                <![CDATA[Bengaluru;Niaboytown;Chicky;01-01-2025;2]]>
              </value>
            </param>
            <param index="3">
              <value>
                <![CDATA[Kolkata;Thton;Cha Cha;01-02-2025;3]]>
              </value>
            </param>
            <param index="4">
              <value>
                <![CDATA[Malaysia;Wootkentree;Bom Bom;02-12-2025;1]]>
              </value>
            </param>
            <param index="5">
              <value>
                <![CDATA[public void qtriptest.tests.testCase_04.TestCase04(java.lang.String,java.lang.String,java.lang.String,java.lang.String,java.lang.String,java.lang.reflect.Method) throws java.lang.InterruptedException]]>
              </value>
            </param>
          </params>
          <reporter-output>
          </reporter-output>
        </test-method> <!-- TestCase04 -->
        <test-method is-config="true" signature="tearDownTest()[pri:0, instance:qtriptest.tests.testCase_04@17497425]" started-at="2023-12-01T23:14:38 IST" name="tearDownTest" finished-at="2023-12-01T23:14:38 IST" duration-ms="75" status="PASS">
          <reporter-output>
          </reporter-output>
        </test-method> <!-- tearDownTest -->
        <test-method is-config="true" signature="setupTest(java.lang.reflect.Method)[pri:0, instance:qtriptest.tests.testCase_04@17497425]" started-at="2023-12-01T23:14:38 IST" name="setupTest" finished-at="2023-12-01T23:14:38 IST" duration-ms="16" status="PASS">
          <params>
            <param index="0">
              <value>
                <![CDATA[public void qtriptest.tests.testCase_04.TestCase04(java.lang.String,java.lang.String,java.lang.String,java.lang.String,java.lang.String,java.lang.reflect.Method) throws java.lang.InterruptedException]]>
              </value>
            </param>
          </params>
          <reporter-output>
          </reporter-output>
        </test-method> <!-- setupTest -->
        <test-method signature="TestCase04(java.lang.String,java.lang.String,java.lang.String,java.lang.String,java.lang.String,java.lang.reflect.Method)[pri:4, instance:qtriptest.tests.testCase_04@17497425]" started-at="2023-12-01T23:14:38 IST" name="TestCase04" description="Verify that Booking history can be viewed" data-provider="testData4" finished-at="2023-12-01T23:15:41 IST" duration-ms="62185" status="PASS">
          <params>
            <param index="0">
              <value>
                <![CDATA[TC4_2@gmail.com]]>
              </value>
            </param>
            <param index="1">
              <value>
                <![CDATA[abc@321]]>
              </value>
            </param>
            <param index="2">
              <value>
                <![CDATA[Bengaluru;Fort Sionnnn;Chicky;01-01-2025;2]]>
              </value>
            </param>
            <param index="3">
              <value>
                <![CDATA[Kolkata;North Gelgoon;Cha Cha;01-02-2025;3]]>
              </value>
            </param>
            <param index="4">
              <value>
                <![CDATA[Malaysia;Wootkentree;Lya;02-12-2025;1]]>
              </value>
            </param>
            <param index="5">
              <value>
                <![CDATA[public void qtriptest.tests.testCase_04.TestCase04(java.lang.String,java.lang.String,java.lang.String,java.lang.String,java.lang.String,java.lang.reflect.Method) throws java.lang.InterruptedException]]>
              </value>
            </param>
          </params>
          <reporter-output>
          </reporter-output>
        </test-method> <!-- TestCase04 -->
        <test-method is-config="true" signature="tearDownTest()[pri:0, instance:qtriptest.tests.testCase_04@17497425]" started-at="2023-12-01T23:15:41 IST" name="tearDownTest" finished-at="2023-12-01T23:15:41 IST" duration-ms="102" status="PASS">
          <reporter-output>
          </reporter-output>
        </test-method> <!-- tearDownTest -->
        <test-method is-config="true" signature="setupTest(java.lang.reflect.Method)[pri:0, instance:qtriptest.tests.testCase_04@17497425]" started-at="2023-12-01T23:15:41 IST" name="setupTest" finished-at="2023-12-01T23:15:41 IST" duration-ms="17" status="PASS">
          <params>
            <param index="0">
              <value>
                <![CDATA[public void qtriptest.tests.testCase_04.TestCase04(java.lang.String,java.lang.String,java.lang.String,java.lang.String,java.lang.String,java.lang.reflect.Method) throws java.lang.InterruptedException]]>
              </value>
            </param>
          </params>
          <reporter-output>
          </reporter-output>
        </test-method> <!-- setupTest -->
        <test-method signature="TestCase04(java.lang.String,java.lang.String,java.lang.String,java.lang.String,java.lang.String,java.lang.reflect.Method)[pri:4, instance:qtriptest.tests.testCase_04@17497425]" started-at="2023-12-01T23:15:41 IST" name="TestCase04" description="Verify that Booking history can be viewed" data-provider="testData4" finished-at="2023-12-01T23:16:25 IST" duration-ms="44561" status="PASS">
          <params>
            <param index="0">
              <value>
                <![CDATA[TC4_3@gmail.com]]>
              </value>
            </param>
            <param index="1">
              <value>
                <![CDATA[abc@321]]>
              </value>
            </param>
            <param index="2">
              <value>
                <![CDATA[Goa;Perthby;Chicky;01-01-2025;2]]>
              </value>
            </param>
            <param index="3">
              <value>
                <![CDATA[Bengaluru;Niaboytown;Chicky;01-01-2025;2]]>
              </value>
            </param>
            <param index="4">
              <value>
                <![CDATA[Bengaluru;Fort Sionnnn;Chicky;01-01-2025;2]]>
              </value>
            </param>
            <param index="5">
              <value>
                <![CDATA[public void qtriptest.tests.testCase_04.TestCase04(java.lang.String,java.lang.String,java.lang.String,java.lang.String,java.lang.String,java.lang.reflect.Method) throws java.lang.InterruptedException]]>
              </value>
            </param>
          </params>
          <reporter-output>
          </reporter-output>
        </test-method> <!-- TestCase04 -->
        <test-method is-config="true" signature="tearDownTest()[pri:0, instance:qtriptest.tests.testCase_04@17497425]" started-at="2023-12-01T23:16:25 IST" name="tearDownTest" finished-at="2023-12-01T23:16:25 IST" duration-ms="62" status="PASS">
          <reporter-output>
          </reporter-output>
        </test-method> <!-- tearDownTest -->
        <test-method is-config="true" signature="tearDownDriver()[pri:0, instance:qtriptest.tests.testCase_04@17497425]" started-at="2023-12-01T23:16:25 IST" name="tearDownDriver" finished-at="2023-12-01T23:16:25 IST" duration-ms="9" status="PASS">
          <reporter-output>
          </reporter-output>
        </test-method> <!-- tearDownDriver -->
      </class> <!-- qtriptest.tests.testCase_04 -->
      <class name="qtriptest.tests.testCase_03">
        <test-method is-config="true" signature="setupTest(java.lang.reflect.Method)[pri:0, instance:qtriptest.tests.testCase_03@194bcebf]" started-at="2023-12-01T23:12:22 IST" name="setupTest" finished-at="2023-12-01T23:12:22 IST" duration-ms="21" status="PASS">
          <params>
            <param index="0">
              <value>
                <![CDATA[public void qtriptest.tests.testCase_03.TestCase03(java.lang.String,java.lang.String,java.lang.String,java.lang.String,java.lang.String,java.lang.String,java.lang.String,java.lang.reflect.Method) throws java.lang.InterruptedException]]>
              </value>
            </param>
          </params>
          <reporter-output>
          </reporter-output>
        </test-method> <!-- setupTest -->
        <test-method signature="TestCase03(java.lang.String,java.lang.String,java.lang.String,java.lang.String,java.lang.String,java.lang.String,java.lang.String,java.lang.reflect.Method)[pri:3, instance:qtriptest.tests.testCase_03@194bcebf]" started-at="2023-12-01T23:12:22 IST" name="TestCase03" description="Adventure Booking and Cancellation Flow" data-provider="testData3" finished-at="2023-12-01T23:12:47 IST" duration-ms="24868" status="PASS">
          <params>
            <param index="0">
              <value>
                <![CDATA[TC3_1@gmaill.com]]>
              </value>
            </param>
            <param index="1">
              <value>
                <![CDATA[abc@123]]>
              </value>
            </param>
            <param index="2">
              <value>
                <![CDATA[Bengaluru]]>
              </value>
            </param>
            <param index="3">
              <value>
                <![CDATA[Niaboytown]]>
              </value>
            </param>
            <param index="4">
              <value>
                <![CDATA[palam]]>
              </value>
            </param>
            <param index="5">
              <value>
                <![CDATA[16-11-2025]]>
              </value>
            </param>
            <param index="6">
              <value>
                <![CDATA[2]]>
              </value>
            </param>
            <param index="7">
              <value>
                <![CDATA[public void qtriptest.tests.testCase_03.TestCase03(java.lang.String,java.lang.String,java.lang.String,java.lang.String,java.lang.String,java.lang.String,java.lang.String,java.lang.reflect.Method) throws java.lang.InterruptedException]]>
              </value>
            </param>
          </params>
          <reporter-output>
          </reporter-output>
        </test-method> <!-- TestCase03 -->
        <test-method is-config="true" signature="tearDownTest()[pri:0, instance:qtriptest.tests.testCase_03@194bcebf]" started-at="2023-12-01T23:12:47 IST" name="tearDownTest" finished-at="2023-12-01T23:12:47 IST" duration-ms="79" status="PASS">
          <reporter-output>
          </reporter-output>
        </test-method> <!-- tearDownTest -->
        <test-method is-config="true" signature="setupTest(java.lang.reflect.Method)[pri:0, instance:qtriptest.tests.testCase_03@194bcebf]" started-at="2023-12-01T23:12:47 IST" name="setupTest" finished-at="2023-12-01T23:12:47 IST" duration-ms="14" status="PASS">
          <params>
            <param index="0">
              <value>
                <![CDATA[public void qtriptest.tests.testCase_03.TestCase03(java.lang.String,java.lang.String,java.lang.String,java.lang.String,java.lang.String,java.lang.String,java.lang.String,java.lang.reflect.Method) throws java.lang.InterruptedException]]>
              </value>
            </param>
          </params>
          <reporter-output>
          </reporter-output>
        </test-method> <!-- setupTest -->
        <test-method signature="TestCase03(java.lang.String,java.lang.String,java.lang.String,java.lang.String,java.lang.String,java.lang.String,java.lang.String,java.lang.reflect.Method)[pri:3, instance:qtriptest.tests.testCase_03@194bcebf]" started-at="2023-12-01T23:12:47 IST" name="TestCase03" description="Adventure Booking and Cancellation Flow" data-provider="testData3" finished-at="2023-12-01T23:13:11 IST" duration-ms="24635" status="PASS">
          <params>
            <param index="0">
              <value>
                <![CDATA[TC3_2@gmail.com]]>
              </value>
            </param>
            <param index="1">
              <value>
                <![CDATA[abc@123]]>
              </value>
            </param>
            <param index="2">
              <value>
                <![CDATA[Singapore]]>
              </value>
            </param>
            <param index="3">
              <value>
                <![CDATA[Grand Ashland]]>
              </value>
            </param>
            <param index="4">
              <value>
                <![CDATA[biden]]>
              </value>
            </param>
            <param index="5">
              <value>
                <![CDATA[26-11-2025]]>
              </value>
            </param>
            <param index="6">
              <value>
                <![CDATA[4]]>
              </value>
            </param>
            <param index="7">
              <value>
                <![CDATA[public void qtriptest.tests.testCase_03.TestCase03(java.lang.String,java.lang.String,java.lang.String,java.lang.String,java.lang.String,java.lang.String,java.lang.String,java.lang.reflect.Method) throws java.lang.InterruptedException]]>
              </value>
            </param>
          </params>
          <reporter-output>
          </reporter-output>
        </test-method> <!-- TestCase03 -->
        <test-method is-config="true" signature="tearDownTest()[pri:0, instance:qtriptest.tests.testCase_03@194bcebf]" started-at="2023-12-01T23:13:11 IST" name="tearDownTest" finished-at="2023-12-01T23:13:11 IST" duration-ms="65" status="PASS">
          <reporter-output>
          </reporter-output>
        </test-method> <!-- tearDownTest -->
        <test-method is-config="true" signature="setupTest(java.lang.reflect.Method)[pri:0, instance:qtriptest.tests.testCase_03@194bcebf]" started-at="2023-12-01T23:13:11 IST" name="setupTest" finished-at="2023-12-01T23:13:12 IST" duration-ms="18" status="PASS">
          <params>
            <param index="0">
              <value>
                <![CDATA[public void qtriptest.tests.testCase_03.TestCase03(java.lang.String,java.lang.String,java.lang.String,java.lang.String,java.lang.String,java.lang.String,java.lang.String,java.lang.reflect.Method) throws java.lang.InterruptedException]]>
              </value>
            </param>
          </params>
          <reporter-output>
          </reporter-output>
        </test-method> <!-- setupTest -->
        <test-method signature="TestCase03(java.lang.String,java.lang.String,java.lang.String,java.lang.String,java.lang.String,java.lang.String,java.lang.String,java.lang.reflect.Method)[pri:3, instance:qtriptest.tests.testCase_03@194bcebf]" started-at="2023-12-01T23:13:12 IST" name="TestCase03" description="Adventure Booking and Cancellation Flow" data-provider="testData3" finished-at="2023-12-01T23:13:38 IST" duration-ms="26873" status="PASS">
          <params>
            <param index="0">
              <value>
                <![CDATA[TC3_3@gmail.com]]>
              </value>
            </param>
            <param index="1">
              <value>
                <![CDATA[abc@123]]>
              </value>
            </param>
            <param index="2">
              <value>
                <![CDATA[Bangkok]]>
              </value>
            </param>
            <param index="3">
              <value>
                <![CDATA[Tifwales Ferry]]>
              </value>
            </param>
            <param index="4">
              <value>
                <![CDATA[prabhu]]>
              </value>
            </param>
            <param index="5">
              <value>
                <![CDATA[26-12-2025]]>
              </value>
            </param>
            <param index="6">
              <value>
                <![CDATA[1]]>
              </value>
            </param>
            <param index="7">
              <value>
                <![CDATA[public void qtriptest.tests.testCase_03.TestCase03(java.lang.String,java.lang.String,java.lang.String,java.lang.String,java.lang.String,java.lang.String,java.lang.String,java.lang.reflect.Method) throws java.lang.InterruptedException]]>
              </value>
            </param>
          </params>
          <reporter-output>
          </reporter-output>
        </test-method> <!-- TestCase03 -->
        <test-method is-config="true" signature="tearDownTest()[pri:0, instance:qtriptest.tests.testCase_03@194bcebf]" started-at="2023-12-01T23:13:38 IST" name="tearDownTest" finished-at="2023-12-01T23:13:38 IST" duration-ms="81" status="PASS">
          <reporter-output>
          </reporter-output>
        </test-method> <!-- tearDownTest -->
        <test-method is-config="true" signature="tearDownDriver()[pri:0, instance:qtriptest.tests.testCase_03@194bcebf]" started-at="2023-12-01T23:16:25 IST" name="tearDownDriver" finished-at="2023-12-01T23:16:25 IST" duration-ms="9" status="PASS">
          <reporter-output>
          </reporter-output>
        </test-method> <!-- tearDownDriver -->
      </class> <!-- qtriptest.tests.testCase_03 -->
      <class name="qtriptest.tests.testCase_02">
        <test-method is-config="true" signature="setupTest(java.lang.reflect.Method)[pri:0, instance:qtriptest.tests.testCase_02@3c7f66c4]" started-at="2023-12-01T23:11:31 IST" name="setupTest" finished-at="2023-12-01T23:11:31 IST" duration-ms="21" status="PASS">
          <params>
            <param index="0">
              <value>
                <![CDATA[public void qtriptest.tests.testCase_02.TestCase02(java.lang.String,java.lang.String,java.lang.String,java.lang.String,java.lang.String,java.lang.reflect.Method) throws java.lang.InterruptedException]]>
              </value>
            </param>
          </params>
          <reporter-output>
          </reporter-output>
        </test-method> <!-- setupTest -->
        <test-method signature="TestCase02(java.lang.String,java.lang.String,java.lang.String,java.lang.String,java.lang.String,java.lang.reflect.Method)[pri:2, instance:qtriptest.tests.testCase_02@3c7f66c4]" started-at="2023-12-01T23:11:31 IST" name="TestCase02" description="Search for City and Verify Filters on Adventure Page" data-provider="testData2" finished-at="2023-12-01T23:11:48 IST" duration-ms="16749" status="PASS">
          <params>
            <param index="0">
              <value>
                <![CDATA[Bengaluru]]>
              </value>
            </param>
            <param index="1">
              <value>
                <![CDATA[Cycling Routes]]>
              </value>
            </param>
            <param index="2">
              <value>
                <![CDATA[6-12 Hours]]>
              </value>
            </param>
            <param index="3">
              <value>
                <![CDATA[1]]>
              </value>
            </param>
            <param index="4">
              <value>
                <![CDATA[9]]>
              </value>
            </param>
            <param index="5">
              <value>
                <![CDATA[public void qtriptest.tests.testCase_02.TestCase02(java.lang.String,java.lang.String,java.lang.String,java.lang.String,java.lang.String,java.lang.reflect.Method) throws java.lang.InterruptedException]]>
              </value>
            </param>
          </params>
          <reporter-output>
          </reporter-output>
        </test-method> <!-- TestCase02 -->
        <test-method is-config="true" signature="tearDownTest()[pri:0, instance:qtriptest.tests.testCase_02@3c7f66c4]" started-at="2023-12-01T23:11:48 IST" name="tearDownTest" finished-at="2023-12-01T23:11:48 IST" duration-ms="114" status="PASS">
          <reporter-output>
          </reporter-output>
        </test-method> <!-- tearDownTest -->
        <test-method is-config="true" signature="setupTest(java.lang.reflect.Method)[pri:0, instance:qtriptest.tests.testCase_02@3c7f66c4]" started-at="2023-12-01T23:11:48 IST" name="setupTest" finished-at="2023-12-01T23:11:48 IST" duration-ms="23" status="PASS">
          <params>
            <param index="0">
              <value>
                <![CDATA[public void qtriptest.tests.testCase_02.TestCase02(java.lang.String,java.lang.String,java.lang.String,java.lang.String,java.lang.String,java.lang.reflect.Method) throws java.lang.InterruptedException]]>
              </value>
            </param>
          </params>
          <reporter-output>
          </reporter-output>
        </test-method> <!-- setupTest -->
        <test-method signature="TestCase02(java.lang.String,java.lang.String,java.lang.String,java.lang.String,java.lang.String,java.lang.reflect.Method)[pri:2, instance:qtriptest.tests.testCase_02@3c7f66c4]" started-at="2023-12-01T23:11:48 IST" name="TestCase02" description="Search for City and Verify Filters on Adventure Page" data-provider="testData2" finished-at="2023-12-01T23:12:05 IST" duration-ms="16745" status="PASS">
          <params>
            <param index="0">
              <value>
                <![CDATA[Singapore]]>
              </value>
            </param>
            <param index="1">
              <value>
                <![CDATA[Hillside Getaways]]>
              </value>
            </param>
            <param index="2">
              <value>
                <![CDATA[6-12 Hours]]>
              </value>
            </param>
            <param index="3">
              <value>
                <![CDATA[1]]>
              </value>
            </param>
            <param index="4">
              <value>
                <![CDATA[8]]>
              </value>
            </param>
            <param index="5">
              <value>
                <![CDATA[public void qtriptest.tests.testCase_02.TestCase02(java.lang.String,java.lang.String,java.lang.String,java.lang.String,java.lang.String,java.lang.reflect.Method) throws java.lang.InterruptedException]]>
              </value>
            </param>
          </params>
          <reporter-output>
          </reporter-output>
        </test-method> <!-- TestCase02 -->
        <test-method is-config="true" signature="tearDownTest()[pri:0, instance:qtriptest.tests.testCase_02@3c7f66c4]" started-at="2023-12-01T23:12:05 IST" name="tearDownTest" finished-at="2023-12-01T23:12:05 IST" duration-ms="85" status="PASS">
          <reporter-output>
          </reporter-output>
        </test-method> <!-- tearDownTest -->
        <test-method is-config="true" signature="setupTest(java.lang.reflect.Method)[pri:0, instance:qtriptest.tests.testCase_02@3c7f66c4]" started-at="2023-12-01T23:12:05 IST" name="setupTest" finished-at="2023-12-01T23:12:05 IST" duration-ms="19" status="PASS">
          <params>
            <param index="0">
              <value>
                <![CDATA[public void qtriptest.tests.testCase_02.TestCase02(java.lang.String,java.lang.String,java.lang.String,java.lang.String,java.lang.String,java.lang.reflect.Method) throws java.lang.InterruptedException]]>
              </value>
            </param>
          </params>
          <reporter-output>
          </reporter-output>
        </test-method> <!-- setupTest -->
        <test-method signature="TestCase02(java.lang.String,java.lang.String,java.lang.String,java.lang.String,java.lang.String,java.lang.reflect.Method)[pri:2, instance:qtriptest.tests.testCase_02@3c7f66c4]" started-at="2023-12-01T23:12:05 IST" name="TestCase02" description="Search for City and Verify Filters on Adventure Page" data-provider="testData2" finished-at="2023-12-01T23:12:22 IST" duration-ms="16588" status="PASS">
          <params>
            <param index="0">
              <value>
                <![CDATA[Goa]]>
              </value>
            </param>
            <param index="1">
              <value>
                <![CDATA[Party Spots]]>
              </value>
            </param>
            <param index="2">
              <value>
                <![CDATA[2-6 Hours]]>
              </value>
            </param>
            <param index="3">
              <value>
                <![CDATA[1]]>
              </value>
            </param>
            <param index="4">
              <value>
                <![CDATA[11]]>
              </value>
            </param>
            <param index="5">
              <value>
                <![CDATA[public void qtriptest.tests.testCase_02.TestCase02(java.lang.String,java.lang.String,java.lang.String,java.lang.String,java.lang.String,java.lang.reflect.Method) throws java.lang.InterruptedException]]>
              </value>
            </param>
          </params>
          <reporter-output>
          </reporter-output>
        </test-method> <!-- TestCase02 -->
        <test-method is-config="true" signature="tearDownTest()[pri:0, instance:qtriptest.tests.testCase_02@3c7f66c4]" started-at="2023-12-01T23:12:22 IST" name="tearDownTest" finished-at="2023-12-01T23:12:22 IST" duration-ms="75" status="PASS">
          <reporter-output>
          </reporter-output>
        </test-method> <!-- tearDownTest -->
        <test-method is-config="true" signature="tearDownDriver()[pri:0, instance:qtriptest.tests.testCase_02@3c7f66c4]" started-at="2023-12-01T23:16:25 IST" name="tearDownDriver" finished-at="2023-12-01T23:16:25 IST" duration-ms="1" status="PASS">
          <reporter-output>
          </reporter-output>
        </test-method> <!-- tearDownDriver -->
      </class> <!-- qtriptest.tests.testCase_02 -->
    </test> <!-- Gradle test -->
  </suite> <!-- Gradle suite -->
</testng-results>
